
> portafolio-nahuel61920@1.5.0 build
> react-scripts build

node.exe : (node:10704) 
[DEP0176] 
DeprecationWarning: 
fs.F_OK is deprecated, use 
fs.constants.F_OK instead
At line:1 char:1
+ & "C:\Program 
Files\nodejs/node.exe" "C:\
Users\MSI\AppData\Roaming\n
p ...
+ ~~~~~~~~~~~~~~~~~~~~~~~~~
~~~~~~~~~~~~~~~~~~~~~~~~~~~
~~~~~~~~~~~~~~~~~
    + CategoryInfo         
     : NotSpecified: ((no  
  de:10704) [D...ts.F_OK   
  instead:String) [], R    
emoteException
    + FullyQualifiedErrorI 
   d : NativeCommandError
 
(Use `node 
--trace-deprecation ...` 
to show where the warning 
was created)
Creating an optimized production build...
Browserslist: caniuse-lite 
is outdated. Please run:
  npx browserslist@latest 
--update-db
  Why you should do it 
regularly: https://github.c
om/browserslist/browserslis
t#browsers-data-updating
Browserslist: caniuse-lite 
is outdated. Please run:
  npx browserslist@latest 
--update-db
  Why you should do it 
regularly: https://github.c
om/browserslist/browserslis
t#browsers-data-updating
Failed to compile.

src\pages\Service\ServicesPage.jsx
Syntax error: Unexpected token, expected "}" (279:26) (279:26)


